------------------------------------------------------------
Timing Analyzer Summary
------------------------------------------------------------

Type  : Slow 1200mV 85C Model Setup 'Servomotor:S|Divisor:U1|cuenta[11]'
Slack : -1.859
TNS   : -8.516

Type  : Slow 1200mV 85C Model Setup 'Clk'
Slack : -1.816
TNS   : -11.345

Type  : Slow 1200mV 85C Model Hold 'Clk'
Slack : 0.355
TNS   : 0.000

Type  : Slow 1200mV 85C Model Hold 'Servomotor:S|Divisor:U1|cuenta[11]'
Slack : 0.544
TNS   : 0.000

Type  : Slow 1200mV 85C Model Minimum Pulse Width 'Clk'
Slack : -3.000
TNS   : -19.836

Type  : Slow 1200mV 85C Model Minimum Pulse Width 'Servomotor:S|Divisor:U1|cuenta[11]'
Slack : -1.403
TNS   : -12.627

Type  : Slow 1200mV 0C Model Setup 'Servomotor:S|Divisor:U1|cuenta[11]'
Slack : -1.597
TNS   : -6.915

Type  : Slow 1200mV 0C Model Setup 'Clk'
Slack : -1.520
TNS   : -9.207

Type  : Slow 1200mV 0C Model Hold 'Clk'
Slack : 0.321
TNS   : 0.000

Type  : Slow 1200mV 0C Model Hold 'Servomotor:S|Divisor:U1|cuenta[11]'
Slack : 0.511
TNS   : 0.000

Type  : Slow 1200mV 0C Model Minimum Pulse Width 'Clk'
Slack : -3.000
TNS   : -19.836

Type  : Slow 1200mV 0C Model Minimum Pulse Width 'Servomotor:S|Divisor:U1|cuenta[11]'
Slack : -1.403
TNS   : -12.627

Type  : Fast 1200mV 0C Model Setup 'Clk'
Slack : -0.724
TNS   : -0.724

Type  : Fast 1200mV 0C Model Setup 'Servomotor:S|Divisor:U1|cuenta[11]'
Slack : -0.126
TNS   : -0.126

Type  : Fast 1200mV 0C Model Hold 'Clk'
Slack : 0.152
TNS   : 0.000

Type  : Fast 1200mV 0C Model Hold 'Servomotor:S|Divisor:U1|cuenta[11]'
Slack : 0.211
TNS   : 0.000

Type  : Fast 1200mV 0C Model Minimum Pulse Width 'Clk'
Slack : -3.000
TNS   : -15.348

Type  : Fast 1200mV 0C Model Minimum Pulse Width 'Servomotor:S|Divisor:U1|cuenta[11]'
Slack : -1.000
TNS   : -9.000

------------------------------------------------------------
